------------------------------------------------------------
Timing Analyzer Summary
------------------------------------------------------------

Type  : Slow 1100mV 85C Model Setup 'clk_vga'
Slack : -11.724
TNS   : -277.198

Type  : Slow 1100mV 85C Model Setup 'speech_subsystem:speech_subsystem_inst|audio_controller:audio_control|audio_clock:u4|LRCK_1X'
Slack : -7.051
TNS   : -108.812

Type  : Slow 1100mV 85C Model Setup 'b2v_inst7|clockgen_inst|altera_pll_i|general[2].gpll~PLL_OUTPUT_COUNTER|divclk'
Slack : -5.752
TNS   : -32.827

Type  : Slow 1100mV 85C Model Setup 'clk_dram'
Slack : -5.553
TNS   : -9.064

Type  : Slow 1100mV 85C Model Setup 'b2v_inst7|clockgen_inst|altera_pll_i|general[3].gpll~PLL_OUTPUT_COUNTER|divclk'
Slack : 1.948
TNS   : 0.000

Type  : Slow 1100mV 85C Model Setup 'b2v_inst7|clockgen_inst|altera_pll_i|general[0].gpll~PLL_OUTPUT_COUNTER|divclk'
Slack : 3.758
TNS   : 0.000

Type  : Slow 1100mV 85C Model Setup 'CLOCK_50'
Slack : 5.488
TNS   : 0.000

Type  : Slow 1100mV 85C Model Setup 'speech_subsystem:speech_subsystem_inst|audio_controller:audio_control|TFF_power_of_2_division_counter_with_auto_phase_inversion:generate_aud_ctrl_clk|widereg:div_regs_gen[1].div_reg|outdata[0]'
Slack : 15.973
TNS   : 0.000

Type  : Slow 1100mV 85C Model Setup 'speech_subsystem:speech_subsystem_inst|audio_controller:audio_control|TFF_power_of_2_division_counter_with_auto_phase_inversion:generate_aud_ctrl_clk|widereg:div_reg_top|outdata[0]'
Slack : 16.982
TNS   : 0.000

Type  : Slow 1100mV 85C Model Setup 'altera_reserved_tck'
Slack : 22.370
TNS   : 0.000

Type  : Slow 1100mV 85C Model Setup 'speech_subsystem:speech_subsystem_inst|read_address_range:Control_flash_reader|state[5]'
Slack : 31.698
TNS   : 0.000

Type  : Slow 1100mV 85C Model Setup 'I2C_AV_Config:I2C_Configure_Audio_Chip|mI2C_CTRL_CLK'
Slack : 34.501
TNS   : 0.000

Type  : Slow 1100mV 85C Model Setup 'speech_subsystem:speech_subsystem_inst|audio_controller:audio_control|audio_clock:u4|oAUD_BCK'
Slack : 35.714
TNS   : 0.000

Type  : Slow 1100mV 85C Model Hold 'b2v_inst7|clockgen_inst|altera_pll_i|general[2].gpll~PLL_OUTPUT_COUNTER|divclk'
Slack : -0.504
TNS   : -32.054

Type  : Slow 1100mV 85C Model Hold 'b2v_inst7|clockgen_inst|altera_pll_i|general[0].gpll~PLL_OUTPUT_COUNTER|divclk'
Slack : -0.133
TNS   : -0.133

Type  : Slow 1100mV 85C Model Hold 'altera_reserved_tck'
Slack : -0.070
TNS   : -0.070

Type  : Slow 1100mV 85C Model Hold 'CLOCK_50'
Slack : -0.019
TNS   : -0.037

Type  : Slow 1100mV 85C Model Hold 'b2v_inst7|clockgen_inst|altera_pll_i|general[3].gpll~PLL_OUTPUT_COUNTER|divclk'
Slack : 0.300
TNS   : 0.000

Type  : Slow 1100mV 85C Model Hold 'I2C_AV_Config:I2C_Configure_Audio_Chip|mI2C_CTRL_CLK'
Slack : 0.494
TNS   : 0.000

Type  : Slow 1100mV 85C Model Hold 'speech_subsystem:speech_subsystem_inst|audio_controller:audio_control|TFF_power_of_2_division_counter_with_auto_phase_inversion:generate_aud_ctrl_clk|widereg:div_regs_gen[1].div_reg|outdata[0]'
Slack : 0.675
TNS   : 0.000

Type  : Slow 1100mV 85C Model Hold 'speech_subsystem:speech_subsystem_inst|audio_controller:audio_control|TFF_power_of_2_division_counter_with_auto_phase_inversion:generate_aud_ctrl_clk|widereg:div_reg_top|outdata[0]'
Slack : 0.686
TNS   : 0.000

Type  : Slow 1100mV 85C Model Hold 'speech_subsystem:speech_subsystem_inst|audio_controller:audio_control|audio_clock:u4|oAUD_BCK'
Slack : 0.777
TNS   : 0.000

Type  : Slow 1100mV 85C Model Hold 'speech_subsystem:speech_subsystem_inst|read_address_range:Control_flash_reader|state[5]'
Slack : 0.825
TNS   : 0.000

Type  : Slow 1100mV 85C Model Hold 'speech_subsystem:speech_subsystem_inst|audio_controller:audio_control|audio_clock:u4|LRCK_1X'
Slack : 5.185
TNS   : 0.000

Type  : Slow 1100mV 85C Model Hold 'clk_vga'
Slack : 8.175
TNS   : 0.000

Type  : Slow 1100mV 85C Model Hold 'clk_dram'
Slack : 9.052
TNS   : 0.000

Type  : Slow 1100mV 85C Model Recovery 'speech_subsystem:speech_subsystem_inst|audio_controller:audio_control|audio_clock:u4|oAUD_BCK'
Slack : -8.058
TNS   : -56.391

Type  : Slow 1100mV 85C Model Recovery 'speech_subsystem:speech_subsystem_inst|Generate_Arbitrary_Divided_Clk32:Generate_Flash_Test_Audio_Clk_inst|var_clk_div32:Div_Clk|tc_reg'
Slack : -7.315
TNS   : -14.036

Type  : Slow 1100mV 85C Model Recovery 'speech_subsystem:speech_subsystem_inst|audio_controller:audio_control|TFF_power_of_2_division_counter_with_auto_phase_inversion:generate_aud_ctrl_clk|widereg:div_regs_gen[1].div_reg|outdata[0]'
Slack : -6.896
TNS   : -110.284

Type  : Slow 1100mV 85C Model Recovery 'b2v_inst7|clockgen_inst|altera_pll_i|general[0].gpll~PLL_OUTPUT_COUNTER|divclk'
Slack : 35.466
TNS   : 0.000

Type  : Slow 1100mV 85C Model Recovery 'altera_reserved_tck'
Slack : 58.801
TNS   : 0.000

Type  : Slow 1100mV 85C Model Removal 'b2v_inst7|clockgen_inst|altera_pll_i|general[0].gpll~PLL_OUTPUT_COUNTER|divclk'
Slack : 0.501
TNS   : 0.000

Type  : Slow 1100mV 85C Model Removal 'altera_reserved_tck'
Slack : 0.641
TNS   : 0.000

Type  : Slow 1100mV 85C Model Removal 'speech_subsystem:speech_subsystem_inst|Generate_Arbitrary_Divided_Clk32:Generate_Flash_Test_Audio_Clk_inst|var_clk_div32:Div_Clk|tc_reg'
Slack : 5.421
TNS   : 0.000

Type  : Slow 1100mV 85C Model Removal 'speech_subsystem:speech_subsystem_inst|audio_controller:audio_control|TFF_power_of_2_division_counter_with_auto_phase_inversion:generate_aud_ctrl_clk|widereg:div_regs_gen[1].div_reg|outdata[0]'
Slack : 5.552
TNS   : 0.000

Type  : Slow 1100mV 85C Model Removal 'speech_subsystem:speech_subsystem_inst|audio_controller:audio_control|audio_clock:u4|oAUD_BCK'
Slack : 6.582
TNS   : 0.000

Type  : Slow 1100mV 85C Model Minimum Pulse Width 'b2v_inst7|clockgen_inst|altera_pll_i|general[0].gpll~FRACTIONAL_PLL|vcoph[0]'
Slack : 0.974
TNS   : 0.000

Type  : Slow 1100mV 85C Model Minimum Pulse Width 'b2v_inst7|clockgen_inst|altera_pll_i|general[2].gpll~PLL_OUTPUT_COUNTER|divclk'
Slack : 7.379
TNS   : 0.000

Type  : Slow 1100mV 85C Model Minimum Pulse Width 'b2v_inst7|clockgen_inst|altera_pll_i|general[3].gpll~PLL_OUTPUT_COUNTER|divclk'
Slack : 7.730
TNS   : 0.000

Type  : Slow 1100mV 85C Model Minimum Pulse Width 'CLOCK_50'
Slack : 8.314
TNS   : 0.000

Type  : Slow 1100mV 85C Model Minimum Pulse Width 'b2v_inst7|clockgen_inst|altera_pll_i|general[0].gpll~PLL_OUTPUT_COUNTER|divclk'
Slack : 17.379
TNS   : 0.000

Type  : Slow 1100mV 85C Model Minimum Pulse Width 'speech_subsystem:speech_subsystem_inst|audio_controller:audio_control|audio_clock:u4|oAUD_BCK'
Slack : 18.394
TNS   : 0.000

Type  : Slow 1100mV 85C Model Minimum Pulse Width 'speech_subsystem:speech_subsystem_inst|Generate_Arbitrary_Divided_Clk32:Generate_Flash_Test_Audio_Clk_inst|var_clk_div32:Div_Clk|tc_reg'
Slack : 18.407
TNS   : 0.000

Type  : Slow 1100mV 85C Model Minimum Pulse Width 'speech_subsystem:speech_subsystem_inst|audio_controller:audio_control|TFF_power_of_2_division_counter_with_auto_phase_inversion:generate_aud_ctrl_clk|widereg:div_reg_top|outdata[0]'
Slack : 18.541
TNS   : 0.000

Type  : Slow 1100mV 85C Model Minimum Pulse Width 'I2C_AV_Config:I2C_Configure_Audio_Chip|mI2C_CTRL_CLK'
Slack : 18.580
TNS   : 0.000

Type  : Slow 1100mV 85C Model Minimum Pulse Width 'speech_subsystem:speech_subsystem_inst|audio_controller:audio_control|audio_clock:u4|LRCK_1X'
Slack : 18.637
TNS   : 0.000

Type  : Slow 1100mV 85C Model Minimum Pulse Width 'speech_subsystem:speech_subsystem_inst|read_address_range:Control_flash_reader|state[5]'
Slack : 18.640
TNS   : 0.000

Type  : Slow 1100mV 85C Model Minimum Pulse Width 'speech_subsystem:speech_subsystem_inst|audio_controller:audio_control|TFF_power_of_2_division_counter_with_auto_phase_inversion:generate_aud_ctrl_clk|widereg:div_regs_gen[1].div_reg|outdata[0]'
Slack : 18.658
TNS   : 0.000

Type  : Slow 1100mV 85C Model Minimum Pulse Width 'altera_reserved_tck'
Slack : 29.279
TNS   : 0.000

Type  : Slow 1100mV 0C Model Setup 'clk_vga'
Slack : -11.505
TNS   : -271.901

Type  : Slow 1100mV 0C Model Setup 'speech_subsystem:speech_subsystem_inst|audio_controller:audio_control|audio_clock:u4|LRCK_1X'
Slack : -7.094
TNS   : -109.469

Type  : Slow 1100mV 0C Model Setup 'clk_dram'
Slack : -5.137
TNS   : -8.323

Type  : Slow 1100mV 0C Model Setup 'b2v_inst7|clockgen_inst|altera_pll_i|general[2].gpll~PLL_OUTPUT_COUNTER|divclk'
Slack : -5.081
TNS   : -28.924

Type  : Slow 1100mV 0C Model Setup 'b2v_inst7|clockgen_inst|altera_pll_i|general[3].gpll~PLL_OUTPUT_COUNTER|divclk'
Slack : 2.231
TNS   : 0.000

Type  : Slow 1100mV 0C Model Setup 'b2v_inst7|clockgen_inst|altera_pll_i|general[0].gpll~PLL_OUTPUT_COUNTER|divclk'
Slack : 3.844
TNS   : 0.000

Type  : Slow 1100mV 0C Model Setup 'CLOCK_50'
Slack : 5.950
TNS   : 0.000

Type  : Slow 1100mV 0C Model Setup 'speech_subsystem:speech_subsystem_inst|audio_controller:audio_control|TFF_power_of_2_division_counter_with_auto_phase_inversion:generate_aud_ctrl_clk|widereg:div_regs_gen[1].div_reg|outdata[0]'
Slack : 15.955
TNS   : 0.000

Type  : Slow 1100mV 0C Model Setup 'speech_subsystem:speech_subsystem_inst|audio_controller:audio_control|TFF_power_of_2_division_counter_with_auto_phase_inversion:generate_aud_ctrl_clk|widereg:div_reg_top|outdata[0]'
Slack : 16.985
TNS   : 0.000

Type  : Slow 1100mV 0C Model Setup 'altera_reserved_tck'
Slack : 22.552
TNS   : 0.000

Type  : Slow 1100mV 0C Model Setup 'speech_subsystem:speech_subsystem_inst|read_address_range:Control_flash_reader|state[5]'
Slack : 31.937
TNS   : 0.000

Type  : Slow 1100mV 0C Model Setup 'I2C_AV_Config:I2C_Configure_Audio_Chip|mI2C_CTRL_CLK'
Slack : 34.530
TNS   : 0.000

Type  : Slow 1100mV 0C Model Setup 'speech_subsystem:speech_subsystem_inst|audio_controller:audio_control|audio_clock:u4|oAUD_BCK'
Slack : 35.791
TNS   : 0.000

Type  : Slow 1100mV 0C Model Hold 'b2v_inst7|clockgen_inst|altera_pll_i|general[2].gpll~PLL_OUTPUT_COUNTER|divclk'
Slack : -0.391
TNS   : -24.861

Type  : Slow 1100mV 0C Model Hold 'altera_reserved_tck'
Slack : -0.075
TNS   : -0.075

Type  : Slow 1100mV 0C Model Hold 'b2v_inst7|clockgen_inst|altera_pll_i|general[0].gpll~PLL_OUTPUT_COUNTER|divclk'
Slack : -0.047
TNS   : -0.047

Type  : Slow 1100mV 0C Model Hold 'CLOCK_50'
Slack : 0.002
TNS   : 0.000

Type  : Slow 1100mV 0C Model Hold 'b2v_inst7|clockgen_inst|altera_pll_i|general[3].gpll~PLL_OUTPUT_COUNTER|divclk'
Slack : 0.311
TNS   : 0.000

Type  : Slow 1100mV 0C Model Hold 'I2C_AV_Config:I2C_Configure_Audio_Chip|mI2C_CTRL_CLK'
Slack : 0.455
TNS   : 0.000

Type  : Slow 1100mV 0C Model Hold 'speech_subsystem:speech_subsystem_inst|audio_controller:audio_control|TFF_power_of_2_division_counter_with_auto_phase_inversion:generate_aud_ctrl_clk|widereg:div_regs_gen[1].div_reg|outdata[0]'
Slack : 0.671
TNS   : 0.000

Type  : Slow 1100mV 0C Model Hold 'speech_subsystem:speech_subsystem_inst|audio_controller:audio_control|TFF_power_of_2_division_counter_with_auto_phase_inversion:generate_aud_ctrl_clk|widereg:div_reg_top|outdata[0]'
Slack : 0.763
TNS   : 0.000

Type  : Slow 1100mV 0C Model Hold 'speech_subsystem:speech_subsystem_inst|read_address_range:Control_flash_reader|state[5]'
Slack : 0.781
TNS   : 0.000

Type  : Slow 1100mV 0C Model Hold 'speech_subsystem:speech_subsystem_inst|audio_controller:audio_control|audio_clock:u4|oAUD_BCK'
Slack : 0.787
TNS   : 0.000

Type  : Slow 1100mV 0C Model Hold 'speech_subsystem:speech_subsystem_inst|audio_controller:audio_control|audio_clock:u4|LRCK_1X'
Slack : 5.321
TNS   : 0.000

Type  : Slow 1100mV 0C Model Hold 'clk_vga'
Slack : 8.046
TNS   : 0.000

Type  : Slow 1100mV 0C Model Hold 'clk_dram'
Slack : 8.823
TNS   : 0.000

Type  : Slow 1100mV 0C Model Recovery 'speech_subsystem:speech_subsystem_inst|audio_controller:audio_control|audio_clock:u4|oAUD_BCK'
Slack : -7.982
TNS   : -55.858

Type  : Slow 1100mV 0C Model Recovery 'speech_subsystem:speech_subsystem_inst|Generate_Arbitrary_Divided_Clk32:Generate_Flash_Test_Audio_Clk_inst|var_clk_div32:Div_Clk|tc_reg'
Slack : -7.267
TNS   : -13.887

Type  : Slow 1100mV 0C Model Recovery 'speech_subsystem:speech_subsystem_inst|audio_controller:audio_control|TFF_power_of_2_division_counter_with_auto_phase_inversion:generate_aud_ctrl_clk|widereg:div_regs_gen[1].div_reg|outdata[0]'
Slack : -6.934
TNS   : -110.894

Type  : Slow 1100mV 0C Model Recovery 'b2v_inst7|clockgen_inst|altera_pll_i|general[0].gpll~PLL_OUTPUT_COUNTER|divclk'
Slack : 35.653
TNS   : 0.000

Type  : Slow 1100mV 0C Model Recovery 'altera_reserved_tck'
Slack : 58.961
TNS   : 0.000

Type  : Slow 1100mV 0C Model Removal 'b2v_inst7|clockgen_inst|altera_pll_i|general[0].gpll~PLL_OUTPUT_COUNTER|divclk'
Slack : 0.545
TNS   : 0.000

Type  : Slow 1100mV 0C Model Removal 'altera_reserved_tck'
Slack : 0.588
TNS   : 0.000

Type  : Slow 1100mV 0C Model Removal 'speech_subsystem:speech_subsystem_inst|Generate_Arbitrary_Divided_Clk32:Generate_Flash_Test_Audio_Clk_inst|var_clk_div32:Div_Clk|tc_reg'
Slack : 5.464
TNS   : 0.000

Type  : Slow 1100mV 0C Model Removal 'speech_subsystem:speech_subsystem_inst|audio_controller:audio_control|TFF_power_of_2_division_counter_with_auto_phase_inversion:generate_aud_ctrl_clk|widereg:div_regs_gen[1].div_reg|outdata[0]'
Slack : 5.657
TNS   : 0.000

Type  : Slow 1100mV 0C Model Removal 'speech_subsystem:speech_subsystem_inst|audio_controller:audio_control|audio_clock:u4|oAUD_BCK'
Slack : 6.644
TNS   : 0.000

Type  : Slow 1100mV 0C Model Minimum Pulse Width 'b2v_inst7|clockgen_inst|altera_pll_i|general[0].gpll~FRACTIONAL_PLL|vcoph[0]'
Slack : 1.048
TNS   : 0.000

Type  : Slow 1100mV 0C Model Minimum Pulse Width 'b2v_inst7|clockgen_inst|altera_pll_i|general[2].gpll~PLL_OUTPUT_COUNTER|divclk'
Slack : 7.441
TNS   : 0.000

Type  : Slow 1100mV 0C Model Minimum Pulse Width 'b2v_inst7|clockgen_inst|altera_pll_i|general[3].gpll~PLL_OUTPUT_COUNTER|divclk'
Slack : 7.866
TNS   : 0.000

Type  : Slow 1100mV 0C Model Minimum Pulse Width 'CLOCK_50'
Slack : 8.346
TNS   : 0.000

Type  : Slow 1100mV 0C Model Minimum Pulse Width 'b2v_inst7|clockgen_inst|altera_pll_i|general[0].gpll~PLL_OUTPUT_COUNTER|divclk'
Slack : 17.453
TNS   : 0.000

Type  : Slow 1100mV 0C Model Minimum Pulse Width 'speech_subsystem:speech_subsystem_inst|audio_controller:audio_control|audio_clock:u4|oAUD_BCK'
Slack : 18.496
TNS   : 0.000

Type  : Slow 1100mV 0C Model Minimum Pulse Width 'speech_subsystem:speech_subsystem_inst|audio_controller:audio_control|TFF_power_of_2_division_counter_with_auto_phase_inversion:generate_aud_ctrl_clk|widereg:div_reg_top|outdata[0]'
Slack : 18.510
TNS   : 0.000

Type  : Slow 1100mV 0C Model Minimum Pulse Width 'speech_subsystem:speech_subsystem_inst|Generate_Arbitrary_Divided_Clk32:Generate_Flash_Test_Audio_Clk_inst|var_clk_div32:Div_Clk|tc_reg'
Slack : 18.516
TNS   : 0.000

Type  : Slow 1100mV 0C Model Minimum Pulse Width 'I2C_AV_Config:I2C_Configure_Audio_Chip|mI2C_CTRL_CLK'
Slack : 18.601
TNS   : 0.000

Type  : Slow 1100mV 0C Model Minimum Pulse Width 'speech_subsystem:speech_subsystem_inst|audio_controller:audio_control|audio_clock:u4|LRCK_1X'
Slack : 18.646
TNS   : 0.000

Type  : Slow 1100mV 0C Model Minimum Pulse Width 'speech_subsystem:speech_subsystem_inst|read_address_range:Control_flash_reader|state[5]'
Slack : 18.652
TNS   : 0.000

Type  : Slow 1100mV 0C Model Minimum Pulse Width 'speech_subsystem:speech_subsystem_inst|audio_controller:audio_control|TFF_power_of_2_division_counter_with_auto_phase_inversion:generate_aud_ctrl_clk|widereg:div_regs_gen[1].div_reg|outdata[0]'
Slack : 18.665
TNS   : 0.000

Type  : Slow 1100mV 0C Model Minimum Pulse Width 'altera_reserved_tck'
Slack : 29.275
TNS   : 0.000

Type  : Fast 1100mV 85C Model Setup 'clk_vga'
Slack : -7.081
TNS   : -167.345

Type  : Fast 1100mV 85C Model Setup 'b2v_inst7|clockgen_inst|altera_pll_i|general[2].gpll~PLL_OUTPUT_COUNTER|divclk'
Slack : -4.844
TNS   : -27.451

Type  : Fast 1100mV 85C Model Setup 'speech_subsystem:speech_subsystem_inst|audio_controller:audio_control|audio_clock:u4|LRCK_1X'
Slack : -3.555
TNS   : -54.513

Type  : Fast 1100mV 85C Model Setup 'clk_dram'
Slack : 0.273
TNS   : 0.000

Type  : Fast 1100mV 85C Model Setup 'b2v_inst7|clockgen_inst|altera_pll_i|general[3].gpll~PLL_OUTPUT_COUNTER|divclk'
Slack : 5.099
TNS   : 0.000

Type  : Fast 1100mV 85C Model Setup 'b2v_inst7|clockgen_inst|altera_pll_i|general[0].gpll~PLL_OUTPUT_COUNTER|divclk'
Slack : 6.278
TNS   : 0.000

Type  : Fast 1100mV 85C Model Setup 'CLOCK_50'
Slack : 10.669
TNS   : 0.000

Type  : Fast 1100mV 85C Model Setup 'speech_subsystem:speech_subsystem_inst|audio_controller:audio_control|TFF_power_of_2_division_counter_with_auto_phase_inversion:generate_aud_ctrl_clk|widereg:div_regs_gen[1].div_reg|outdata[0]'
Slack : 16.896
TNS   : 0.000

Type  : Fast 1100mV 85C Model Setup 'speech_subsystem:speech_subsystem_inst|audio_controller:audio_control|TFF_power_of_2_division_counter_with_auto_phase_inversion:generate_aud_ctrl_clk|widereg:div_reg_top|outdata[0]'
Slack : 17.745
TNS   : 0.000

Type  : Fast 1100mV 85C Model Setup 'altera_reserved_tck'
Slack : 24.519
TNS   : 0.000

Type  : Fast 1100mV 85C Model Setup 'speech_subsystem:speech_subsystem_inst|read_address_range:Control_flash_reader|state[5]'
Slack : 34.301
TNS   : 0.000

Type  : Fast 1100mV 85C Model Setup 'I2C_AV_Config:I2C_Configure_Audio_Chip|mI2C_CTRL_CLK'
Slack : 36.203
TNS   : 0.000

Type  : Fast 1100mV 85C Model Setup 'speech_subsystem:speech_subsystem_inst|audio_controller:audio_control|audio_clock:u4|oAUD_BCK'
Slack : 36.858
TNS   : 0.000

Type  : Fast 1100mV 85C Model Hold 'b2v_inst7|clockgen_inst|altera_pll_i|general[2].gpll~PLL_OUTPUT_COUNTER|divclk'
Slack : -0.156
TNS   : -9.882

Type  : Fast 1100mV 85C Model Hold 'altera_reserved_tck'
Slack : -0.074
TNS   : -0.144

Type  : Fast 1100mV 85C Model Hold 'CLOCK_50'
Slack : -0.043
TNS   : -0.126

Type  : Fast 1100mV 85C Model Hold 'b2v_inst7|clockgen_inst|altera_pll_i|general[0].gpll~PLL_OUTPUT_COUNTER|divclk'
Slack : -0.039
TNS   : -0.039

Type  : Fast 1100mV 85C Model Hold 'I2C_AV_Config:I2C_Configure_Audio_Chip|mI2C_CTRL_CLK'
Slack : 0.250
TNS   : 0.000

Type  : Fast 1100mV 85C Model Hold 'b2v_inst7|clockgen_inst|altera_pll_i|general[3].gpll~PLL_OUTPUT_COUNTER|divclk'
Slack : 0.262
TNS   : 0.000

Type  : Fast 1100mV 85C Model Hold 'speech_subsystem:speech_subsystem_inst|audio_controller:audio_control|TFF_power_of_2_division_counter_with_auto_phase_inversion:generate_aud_ctrl_clk|widereg:div_regs_gen[1].div_reg|outdata[0]'
Slack : 0.342
TNS   : 0.000

Type  : Fast 1100mV 85C Model Hold 'speech_subsystem:speech_subsystem_inst|audio_controller:audio_control|TFF_power_of_2_division_counter_with_auto_phase_inversion:generate_aud_ctrl_clk|widereg:div_reg_top|outdata[0]'
Slack : 0.352
TNS   : 0.000

Type  : Fast 1100mV 85C Model Hold 'speech_subsystem:speech_subsystem_inst|read_address_range:Control_flash_reader|state[5]'
Slack : 0.396
TNS   : 0.000

Type  : Fast 1100mV 85C Model Hold 'speech_subsystem:speech_subsystem_inst|audio_controller:audio_control|audio_clock:u4|oAUD_BCK'
Slack : 0.468
TNS   : 0.000

Type  : Fast 1100mV 85C Model Hold 'speech_subsystem:speech_subsystem_inst|audio_controller:audio_control|audio_clock:u4|LRCK_1X'
Slack : 2.756
TNS   : 0.000

Type  : Fast 1100mV 85C Model Hold 'clk_vga'
Slack : 4.274
TNS   : 0.000

Type  : Fast 1100mV 85C Model Hold 'clk_dram'
Slack : 5.085
TNS   : 0.000

Type  : Fast 1100mV 85C Model Recovery 'speech_subsystem:speech_subsystem_inst|audio_controller:audio_control|audio_clock:u4|oAUD_BCK'
Slack : -4.262
TNS   : -29.827

Type  : Fast 1100mV 85C Model Recovery 'speech_subsystem:speech_subsystem_inst|Generate_Arbitrary_Divided_Clk32:Generate_Flash_Test_Audio_Clk_inst|var_clk_div32:Div_Clk|tc_reg'
Slack : -3.737
TNS   : -6.960

Type  : Fast 1100mV 85C Model Recovery 'speech_subsystem:speech_subsystem_inst|audio_controller:audio_control|TFF_power_of_2_division_counter_with_auto_phase_inversion:generate_aud_ctrl_clk|widereg:div_regs_gen[1].div_reg|outdata[0]'
Slack : -3.432
TNS   : -54.899

Type  : Fast 1100mV 85C Model Recovery 'b2v_inst7|clockgen_inst|altera_pll_i|general[0].gpll~PLL_OUTPUT_COUNTER|divclk'
Slack : 37.139
TNS   : 0.000

Type  : Fast 1100mV 85C Model Recovery 'altera_reserved_tck'
Slack : 59.965
TNS   : 0.000

Type  : Fast 1100mV 85C Model Removal 'altera_reserved_tck'
Slack : 0.238
TNS   : 0.000

Type  : Fast 1100mV 85C Model Removal 'b2v_inst7|clockgen_inst|altera_pll_i|general[0].gpll~PLL_OUTPUT_COUNTER|divclk'
Slack : 0.429
TNS   : 0.000

Type  : Fast 1100mV 85C Model Removal 'speech_subsystem:speech_subsystem_inst|Generate_Arbitrary_Divided_Clk32:Generate_Flash_Test_Audio_Clk_inst|var_clk_div32:Div_Clk|tc_reg'
Slack : 2.855
TNS   : 0.000

Type  : Fast 1100mV 85C Model Removal 'speech_subsystem:speech_subsystem_inst|audio_controller:audio_control|TFF_power_of_2_division_counter_with_auto_phase_inversion:generate_aud_ctrl_clk|widereg:div_regs_gen[1].div_reg|outdata[0]'
Slack : 2.939
TNS   : 0.000

Type  : Fast 1100mV 85C Model Removal 'speech_subsystem:speech_subsystem_inst|audio_controller:audio_control|audio_clock:u4|oAUD_BCK'
Slack : 3.756
TNS   : 0.000

Type  : Fast 1100mV 85C Model Minimum Pulse Width 'b2v_inst7|clockgen_inst|altera_pll_i|general[0].gpll~FRACTIONAL_PLL|vcoph[0]'
Slack : 1.314
TNS   : 0.000

Type  : Fast 1100mV 85C Model Minimum Pulse Width 'CLOCK_50'
Slack : 8.183
TNS   : 0.000

Type  : Fast 1100mV 85C Model Minimum Pulse Width 'b2v_inst7|clockgen_inst|altera_pll_i|general[2].gpll~PLL_OUTPUT_COUNTER|divclk'
Slack : 8.205
TNS   : 0.000

Type  : Fast 1100mV 85C Model Minimum Pulse Width 'b2v_inst7|clockgen_inst|altera_pll_i|general[3].gpll~PLL_OUTPUT_COUNTER|divclk'
Slack : 8.869
TNS   : 0.000

Type  : Fast 1100mV 85C Model Minimum Pulse Width 'b2v_inst7|clockgen_inst|altera_pll_i|general[0].gpll~PLL_OUTPUT_COUNTER|divclk'
Slack : 18.168
TNS   : 0.000

Type  : Fast 1100mV 85C Model Minimum Pulse Width 'I2C_AV_Config:I2C_Configure_Audio_Chip|mI2C_CTRL_CLK'
Slack : 18.872
TNS   : 0.000

Type  : Fast 1100mV 85C Model Minimum Pulse Width 'speech_subsystem:speech_subsystem_inst|audio_controller:audio_control|audio_clock:u4|oAUD_BCK'
Slack : 18.907
TNS   : 0.000

Type  : Fast 1100mV 85C Model Minimum Pulse Width 'speech_subsystem:speech_subsystem_inst|audio_controller:audio_control|audio_clock:u4|LRCK_1X'
Slack : 18.916
TNS   : 0.000

Type  : Fast 1100mV 85C Model Minimum Pulse Width 'speech_subsystem:speech_subsystem_inst|read_address_range:Control_flash_reader|state[5]'
Slack : 18.916
TNS   : 0.000

Type  : Fast 1100mV 85C Model Minimum Pulse Width 'speech_subsystem:speech_subsystem_inst|audio_controller:audio_control|TFF_power_of_2_division_counter_with_auto_phase_inversion:generate_aud_ctrl_clk|widereg:div_reg_top|outdata[0]'
Slack : 18.920
TNS   : 0.000

Type  : Fast 1100mV 85C Model Minimum Pulse Width 'speech_subsystem:speech_subsystem_inst|Generate_Arbitrary_Divided_Clk32:Generate_Flash_Test_Audio_Clk_inst|var_clk_div32:Div_Clk|tc_reg'
Slack : 18.926
TNS   : 0.000

Type  : Fast 1100mV 85C Model Minimum Pulse Width 'speech_subsystem:speech_subsystem_inst|audio_controller:audio_control|TFF_power_of_2_division_counter_with_auto_phase_inversion:generate_aud_ctrl_clk|widereg:div_regs_gen[1].div_reg|outdata[0]'
Slack : 18.941
TNS   : 0.000

Type  : Fast 1100mV 85C Model Minimum Pulse Width 'altera_reserved_tck'
Slack : 29.151
TNS   : 0.000

Type  : Fast 1100mV 0C Model Setup 'clk_vga'
Slack : -6.755
TNS   : -159.121

Type  : Fast 1100mV 0C Model Setup 'b2v_inst7|clockgen_inst|altera_pll_i|general[2].gpll~PLL_OUTPUT_COUNTER|divclk'
Slack : -3.798
TNS   : -21.285

Type  : Fast 1100mV 0C Model Setup 'speech_subsystem:speech_subsystem_inst|audio_controller:audio_control|audio_clock:u4|LRCK_1X'
Slack : -3.458
TNS   : -53.180

Type  : Fast 1100mV 0C Model Setup 'clk_dram'
Slack : 0.717
TNS   : 0.000

Type  : Fast 1100mV 0C Model Setup 'b2v_inst7|clockgen_inst|altera_pll_i|general[3].gpll~PLL_OUTPUT_COUNTER|divclk'
Slack : 5.676
TNS   : 0.000

Type  : Fast 1100mV 0C Model Setup 'b2v_inst7|clockgen_inst|altera_pll_i|general[0].gpll~PLL_OUTPUT_COUNTER|divclk'
Slack : 6.586
TNS   : 0.000

Type  : Fast 1100mV 0C Model Setup 'CLOCK_50'
Slack : 11.664
TNS   : 0.000

Type  : Fast 1100mV 0C Model Setup 'speech_subsystem:speech_subsystem_inst|audio_controller:audio_control|TFF_power_of_2_division_counter_with_auto_phase_inversion:generate_aud_ctrl_clk|widereg:div_regs_gen[1].div_reg|outdata[0]'
Slack : 17.137
TNS   : 0.000

Type  : Fast 1100mV 0C Model Setup 'speech_subsystem:speech_subsystem_inst|audio_controller:audio_control|TFF_power_of_2_division_counter_with_auto_phase_inversion:generate_aud_ctrl_clk|widereg:div_reg_top|outdata[0]'
Slack : 17.901
TNS   : 0.000

Type  : Fast 1100mV 0C Model Setup 'altera_reserved_tck'
Slack : 24.766
TNS   : 0.000

Type  : Fast 1100mV 0C Model Setup 'speech_subsystem:speech_subsystem_inst|read_address_range:Control_flash_reader|state[5]'
Slack : 34.775
TNS   : 0.000

Type  : Fast 1100mV 0C Model Setup 'I2C_AV_Config:I2C_Configure_Audio_Chip|mI2C_CTRL_CLK'
Slack : 36.423
TNS   : 0.000

Type  : Fast 1100mV 0C Model Setup 'speech_subsystem:speech_subsystem_inst|audio_controller:audio_control|audio_clock:u4|oAUD_BCK'
Slack : 37.019
TNS   : 0.000

Type  : Fast 1100mV 0C Model Hold 'b2v_inst7|clockgen_inst|altera_pll_i|general[2].gpll~PLL_OUTPUT_COUNTER|divclk'
Slack : -0.134
TNS   : -8.495

Type  : Fast 1100mV 0C Model Hold 'altera_reserved_tck'
Slack : -0.081
TNS   : -0.174

Type  : Fast 1100mV 0C Model Hold 'CLOCK_50'
Slack : -0.054
TNS   : -0.168

Type  : Fast 1100mV 0C Model Hold 'b2v_inst7|clockgen_inst|altera_pll_i|general[0].gpll~PLL_OUTPUT_COUNTER|divclk'
Slack : -0.035
TNS   : -0.035

Type  : Fast 1100mV 0C Model Hold 'I2C_AV_Config:I2C_Configure_Audio_Chip|mI2C_CTRL_CLK'
Slack : 0.211
TNS   : 0.000

Type  : Fast 1100mV 0C Model Hold 'b2v_inst7|clockgen_inst|altera_pll_i|general[3].gpll~PLL_OUTPUT_COUNTER|divclk'
Slack : 0.218
TNS   : 0.000

Type  : Fast 1100mV 0C Model Hold 'speech_subsystem:speech_subsystem_inst|audio_controller:audio_control|TFF_power_of_2_division_counter_with_auto_phase_inversion:generate_aud_ctrl_clk|widereg:div_reg_top|outdata[0]'
Slack : 0.294
TNS   : 0.000

Type  : Fast 1100mV 0C Model Hold 'speech_subsystem:speech_subsystem_inst|audio_controller:audio_control|TFF_power_of_2_division_counter_with_auto_phase_inversion:generate_aud_ctrl_clk|widereg:div_regs_gen[1].div_reg|outdata[0]'
Slack : 0.316
TNS   : 0.000

Type  : Fast 1100mV 0C Model Hold 'speech_subsystem:speech_subsystem_inst|read_address_range:Control_flash_reader|state[5]'
Slack : 0.349
TNS   : 0.000

Type  : Fast 1100mV 0C Model Hold 'speech_subsystem:speech_subsystem_inst|audio_controller:audio_control|audio_clock:u4|oAUD_BCK'
Slack : 0.427
TNS   : 0.000

Type  : Fast 1100mV 0C Model Hold 'speech_subsystem:speech_subsystem_inst|audio_controller:audio_control|audio_clock:u4|LRCK_1X'
Slack : 2.727
TNS   : 0.000

Type  : Fast 1100mV 0C Model Hold 'clk_vga'
Slack : 3.964
TNS   : 0.000

Type  : Fast 1100mV 0C Model Hold 'clk_dram'
Slack : 4.736
TNS   : 0.000

Type  : Fast 1100mV 0C Model Recovery 'speech_subsystem:speech_subsystem_inst|audio_controller:audio_control|audio_clock:u4|oAUD_BCK'
Slack : -4.120
TNS   : -28.834

Type  : Fast 1100mV 0C Model Recovery 'speech_subsystem:speech_subsystem_inst|Generate_Arbitrary_Divided_Clk32:Generate_Flash_Test_Audio_Clk_inst|var_clk_div32:Div_Clk|tc_reg'
Slack : -3.635
TNS   : -6.764

Type  : Fast 1100mV 0C Model Recovery 'speech_subsystem:speech_subsystem_inst|audio_controller:audio_control|TFF_power_of_2_division_counter_with_auto_phase_inversion:generate_aud_ctrl_clk|widereg:div_regs_gen[1].div_reg|outdata[0]'
Slack : -3.348
TNS   : -53.550

Type  : Fast 1100mV 0C Model Recovery 'b2v_inst7|clockgen_inst|altera_pll_i|general[0].gpll~PLL_OUTPUT_COUNTER|divclk'
Slack : 37.452
TNS   : 0.000

Type  : Fast 1100mV 0C Model Recovery 'altera_reserved_tck'
Slack : 60.225
TNS   : 0.000

Type  : Fast 1100mV 0C Model Removal 'altera_reserved_tck'
Slack : 0.201
TNS   : 0.000

Type  : Fast 1100mV 0C Model Removal 'b2v_inst7|clockgen_inst|altera_pll_i|general[0].gpll~PLL_OUTPUT_COUNTER|divclk'
Slack : 0.369
TNS   : 0.000

Type  : Fast 1100mV 0C Model Removal 'speech_subsystem:speech_subsystem_inst|Generate_Arbitrary_Divided_Clk32:Generate_Flash_Test_Audio_Clk_inst|var_clk_div32:Div_Clk|tc_reg'
Slack : 2.818
TNS   : 0.000

Type  : Fast 1100mV 0C Model Removal 'speech_subsystem:speech_subsystem_inst|audio_controller:audio_control|TFF_power_of_2_division_counter_with_auto_phase_inversion:generate_aud_ctrl_clk|widereg:div_regs_gen[1].div_reg|outdata[0]'
Slack : 2.894
TNS   : 0.000

Type  : Fast 1100mV 0C Model Removal 'speech_subsystem:speech_subsystem_inst|audio_controller:audio_control|audio_clock:u4|oAUD_BCK'
Slack : 3.669
TNS   : 0.000

Type  : Fast 1100mV 0C Model Minimum Pulse Width 'b2v_inst7|clockgen_inst|altera_pll_i|general[0].gpll~FRACTIONAL_PLL|vcoph[0]'
Slack : 1.341
TNS   : 0.000

Type  : Fast 1100mV 0C Model Minimum Pulse Width 'CLOCK_50'
Slack : 8.138
TNS   : 0.000

Type  : Fast 1100mV 0C Model Minimum Pulse Width 'b2v_inst7|clockgen_inst|altera_pll_i|general[2].gpll~PLL_OUTPUT_COUNTER|divclk'
Slack : 8.236
TNS   : 0.000

Type  : Fast 1100mV 0C Model Minimum Pulse Width 'b2v_inst7|clockgen_inst|altera_pll_i|general[3].gpll~PLL_OUTPUT_COUNTER|divclk'
Slack : 8.916
TNS   : 0.000

Type  : Fast 1100mV 0C Model Minimum Pulse Width 'b2v_inst7|clockgen_inst|altera_pll_i|general[0].gpll~PLL_OUTPUT_COUNTER|divclk'
Slack : 18.196
TNS   : 0.000

Type  : Fast 1100mV 0C Model Minimum Pulse Width 'I2C_AV_Config:I2C_Configure_Audio_Chip|mI2C_CTRL_CLK'
Slack : 18.903
TNS   : 0.000

Type  : Fast 1100mV 0C Model Minimum Pulse Width 'speech_subsystem:speech_subsystem_inst|audio_controller:audio_control|audio_clock:u4|LRCK_1X'
Slack : 18.935
TNS   : 0.000

Type  : Fast 1100mV 0C Model Minimum Pulse Width 'speech_subsystem:speech_subsystem_inst|read_address_range:Control_flash_reader|state[5]'
Slack : 18.938
TNS   : 0.000

Type  : Fast 1100mV 0C Model Minimum Pulse Width 'speech_subsystem:speech_subsystem_inst|audio_controller:audio_control|audio_clock:u4|oAUD_BCK'
Slack : 18.946
TNS   : 0.000

Type  : Fast 1100mV 0C Model Minimum Pulse Width 'speech_subsystem:speech_subsystem_inst|Generate_Arbitrary_Divided_Clk32:Generate_Flash_Test_Audio_Clk_inst|var_clk_div32:Div_Clk|tc_reg'
Slack : 18.948
TNS   : 0.000

Type  : Fast 1100mV 0C Model Minimum Pulse Width 'speech_subsystem:speech_subsystem_inst|audio_controller:audio_control|TFF_power_of_2_division_counter_with_auto_phase_inversion:generate_aud_ctrl_clk|widereg:div_regs_gen[1].div_reg|outdata[0]'
Slack : 18.955
TNS   : 0.000

Type  : Fast 1100mV 0C Model Minimum Pulse Width 'speech_subsystem:speech_subsystem_inst|audio_controller:audio_control|TFF_power_of_2_division_counter_with_auto_phase_inversion:generate_aud_ctrl_clk|widereg:div_reg_top|outdata[0]'
Slack : 18.964
TNS   : 0.000

Type  : Fast 1100mV 0C Model Minimum Pulse Width 'altera_reserved_tck'
Slack : 29.147
TNS   : 0.000

------------------------------------------------------------
