------------------------------------------------------------
Timing Analyzer Summary
------------------------------------------------------------

Type  : Slow 1100mV 85C Model Setup 'clk_vga'
Slack : -11.724
TNS   : -277.201

Type  : Slow 1100mV 85C Model Setup 'speech_subsystem:speech_subsystem_inst|audio_controller:audio_control|audio_clock:u4|LRCK_1X'
Slack : -6.821
TNS   : -104.143

Type  : Slow 1100mV 85C Model Setup 'b2v_inst7|clockgen_inst|altera_pll_i|general[2].gpll~PLL_OUTPUT_COUNTER|divclk'
Slack : -6.187
TNS   : -32.551

Type  : Slow 1100mV 85C Model Setup 'clk_dram'
Slack : -5.773
TNS   : -9.416

Type  : Slow 1100mV 85C Model Setup 'b2v_inst7|clockgen_inst|altera_pll_i|general[3].gpll~PLL_OUTPUT_COUNTER|divclk'
Slack : 1.878
TNS   : 0.000

Type  : Slow 1100mV 85C Model Setup 'b2v_inst7|clockgen_inst|altera_pll_i|general[0].gpll~PLL_OUTPUT_COUNTER|divclk'
Slack : 4.182
TNS   : 0.000

Type  : Slow 1100mV 85C Model Setup 'CLOCK_50'
Slack : 11.707
TNS   : 0.000

Type  : Slow 1100mV 85C Model Setup 'speech_subsystem:speech_subsystem_inst|audio_controller:audio_control|TFF_power_of_2_division_counter_with_auto_phase_inversion:generate_aud_ctrl_clk|widereg:div_regs_gen[1].div_reg|outdata[0]'
Slack : 16.392
TNS   : 0.000

Type  : Slow 1100mV 85C Model Setup 'speech_subsystem:speech_subsystem_inst|audio_controller:audio_control|TFF_power_of_2_division_counter_with_auto_phase_inversion:generate_aud_ctrl_clk|widereg:div_reg_top|outdata[0]'
Slack : 17.241
TNS   : 0.000

Type  : Slow 1100mV 85C Model Setup 'altera_reserved_tck'
Slack : 22.370
TNS   : 0.000

Type  : Slow 1100mV 85C Model Setup 'speech_subsystem:speech_subsystem_inst|read_address_range:Control_flash_reader|state[5]'
Slack : 31.292
TNS   : 0.000

Type  : Slow 1100mV 85C Model Setup 'I2C_AV_Config:I2C_Configure_Audio_Chip|mI2C_CTRL_CLK'
Slack : 33.696
TNS   : 0.000

Type  : Slow 1100mV 85C Model Setup 'speech_subsystem:speech_subsystem_inst|audio_controller:audio_control|audio_clock:u4|oAUD_BCK'
Slack : 35.776
TNS   : 0.000

Type  : Slow 1100mV 85C Model Hold 'b2v_inst7|clockgen_inst|altera_pll_i|general[0].gpll~PLL_OUTPUT_COUNTER|divclk'
Slack : -0.868
TNS   : -0.868

Type  : Slow 1100mV 85C Model Hold 'b2v_inst7|clockgen_inst|altera_pll_i|general[2].gpll~PLL_OUTPUT_COUNTER|divclk'
Slack : -0.504
TNS   : -32.114

Type  : Slow 1100mV 85C Model Hold 'altera_reserved_tck'
Slack : -0.075
TNS   : -0.136

Type  : Slow 1100mV 85C Model Hold 'CLOCK_50'
Slack : -0.017
TNS   : -0.017

Type  : Slow 1100mV 85C Model Hold 'b2v_inst7|clockgen_inst|altera_pll_i|general[3].gpll~PLL_OUTPUT_COUNTER|divclk'
Slack : 0.277
TNS   : 0.000

Type  : Slow 1100mV 85C Model Hold 'speech_subsystem:speech_subsystem_inst|audio_controller:audio_control|TFF_power_of_2_division_counter_with_auto_phase_inversion:generate_aud_ctrl_clk|widereg:div_regs_gen[1].div_reg|outdata[0]'
Slack : 0.536
TNS   : 0.000

Type  : Slow 1100mV 85C Model Hold 'I2C_AV_Config:I2C_Configure_Audio_Chip|mI2C_CTRL_CLK'
Slack : 0.616
TNS   : 0.000

Type  : Slow 1100mV 85C Model Hold 'speech_subsystem:speech_subsystem_inst|audio_controller:audio_control|TFF_power_of_2_division_counter_with_auto_phase_inversion:generate_aud_ctrl_clk|widereg:div_reg_top|outdata[0]'
Slack : 0.662
TNS   : 0.000

Type  : Slow 1100mV 85C Model Hold 'speech_subsystem:speech_subsystem_inst|read_address_range:Control_flash_reader|state[5]'
Slack : 0.809
TNS   : 0.000

Type  : Slow 1100mV 85C Model Hold 'speech_subsystem:speech_subsystem_inst|audio_controller:audio_control|audio_clock:u4|oAUD_BCK'
Slack : 0.829
TNS   : 0.000

Type  : Slow 1100mV 85C Model Hold 'speech_subsystem:speech_subsystem_inst|audio_controller:audio_control|audio_clock:u4|LRCK_1X'
Slack : 4.929
TNS   : 0.000

Type  : Slow 1100mV 85C Model Hold 'clk_vga'
Slack : 8.177
TNS   : 0.000

Type  : Slow 1100mV 85C Model Hold 'clk_dram'
Slack : 9.192
TNS   : 0.000

Type  : Slow 1100mV 85C Model Recovery 'speech_subsystem:speech_subsystem_inst|audio_controller:audio_control|audio_clock:u4|oAUD_BCK'
Slack : -8.036
TNS   : -40.163

Type  : Slow 1100mV 85C Model Recovery 'speech_subsystem:speech_subsystem_inst|Generate_Arbitrary_Divided_Clk32:Generate_Flash_Test_Audio_Clk_inst|var_clk_div32:Div_Clk|tc_reg'
Slack : -7.327
TNS   : -13.995

Type  : Slow 1100mV 85C Model Recovery 'speech_subsystem:speech_subsystem_inst|audio_controller:audio_control|TFF_power_of_2_division_counter_with_auto_phase_inversion:generate_aud_ctrl_clk|widereg:div_regs_gen[1].div_reg|outdata[0]'
Slack : -6.845
TNS   : -102.617

Type  : Slow 1100mV 85C Model Recovery 'b2v_inst7|clockgen_inst|altera_pll_i|general[0].gpll~PLL_OUTPUT_COUNTER|divclk'
Slack : 35.379
TNS   : 0.000

Type  : Slow 1100mV 85C Model Recovery 'altera_reserved_tck'
Slack : 59.125
TNS   : 0.000

Type  : Slow 1100mV 85C Model Removal 'b2v_inst7|clockgen_inst|altera_pll_i|general[0].gpll~PLL_OUTPUT_COUNTER|divclk'
Slack : 0.589
TNS   : 0.000

Type  : Slow 1100mV 85C Model Removal 'altera_reserved_tck'
Slack : 0.901
TNS   : 0.000

Type  : Slow 1100mV 85C Model Removal 'speech_subsystem:speech_subsystem_inst|Generate_Arbitrary_Divided_Clk32:Generate_Flash_Test_Audio_Clk_inst|var_clk_div32:Div_Clk|tc_reg'
Slack : 5.367
TNS   : 0.000

Type  : Slow 1100mV 85C Model Removal 'speech_subsystem:speech_subsystem_inst|audio_controller:audio_control|TFF_power_of_2_division_counter_with_auto_phase_inversion:generate_aud_ctrl_clk|widereg:div_regs_gen[1].div_reg|outdata[0]'
Slack : 5.533
TNS   : 0.000

Type  : Slow 1100mV 85C Model Removal 'speech_subsystem:speech_subsystem_inst|audio_controller:audio_control|audio_clock:u4|oAUD_BCK'
Slack : 6.609
TNS   : 0.000

Type  : Slow 1100mV 85C Model Minimum Pulse Width 'b2v_inst7|clockgen_inst|altera_pll_i|general[0].gpll~FRACTIONAL_PLL|vcoph[0]'
Slack : 0.974
TNS   : 0.000

Type  : Slow 1100mV 85C Model Minimum Pulse Width 'b2v_inst7|clockgen_inst|altera_pll_i|general[2].gpll~PLL_OUTPUT_COUNTER|divclk'
Slack : 7.373
TNS   : 0.000

Type  : Slow 1100mV 85C Model Minimum Pulse Width 'b2v_inst7|clockgen_inst|altera_pll_i|general[3].gpll~PLL_OUTPUT_COUNTER|divclk'
Slack : 7.751
TNS   : 0.000

Type  : Slow 1100mV 85C Model Minimum Pulse Width 'CLOCK_50'
Slack : 8.307
TNS   : 0.000

Type  : Slow 1100mV 85C Model Minimum Pulse Width 'b2v_inst7|clockgen_inst|altera_pll_i|general[0].gpll~PLL_OUTPUT_COUNTER|divclk'
Slack : 17.383
TNS   : 0.000

Type  : Slow 1100mV 85C Model Minimum Pulse Width 'speech_subsystem:speech_subsystem_inst|audio_controller:audio_control|audio_clock:u4|oAUD_BCK'
Slack : 18.393
TNS   : 0.000

Type  : Slow 1100mV 85C Model Minimum Pulse Width 'speech_subsystem:speech_subsystem_inst|audio_controller:audio_control|audio_clock:u4|LRCK_1X'
Slack : 18.492
TNS   : 0.000

Type  : Slow 1100mV 85C Model Minimum Pulse Width 'speech_subsystem:speech_subsystem_inst|Generate_Arbitrary_Divided_Clk32:Generate_Flash_Test_Audio_Clk_inst|var_clk_div32:Div_Clk|tc_reg'
Slack : 18.496
TNS   : 0.000

Type  : Slow 1100mV 85C Model Minimum Pulse Width 'I2C_AV_Config:I2C_Configure_Audio_Chip|mI2C_CTRL_CLK'
Slack : 18.515
TNS   : 0.000

Type  : Slow 1100mV 85C Model Minimum Pulse Width 'speech_subsystem:speech_subsystem_inst|audio_controller:audio_control|TFF_power_of_2_division_counter_with_auto_phase_inversion:generate_aud_ctrl_clk|widereg:div_reg_top|outdata[0]'
Slack : 18.541
TNS   : 0.000

Type  : Slow 1100mV 85C Model Minimum Pulse Width 'speech_subsystem:speech_subsystem_inst|read_address_range:Control_flash_reader|state[5]'
Slack : 18.618
TNS   : 0.000

Type  : Slow 1100mV 85C Model Minimum Pulse Width 'speech_subsystem:speech_subsystem_inst|audio_controller:audio_control|TFF_power_of_2_division_counter_with_auto_phase_inversion:generate_aud_ctrl_clk|widereg:div_regs_gen[1].div_reg|outdata[0]'
Slack : 18.677
TNS   : 0.000

Type  : Slow 1100mV 85C Model Minimum Pulse Width 'altera_reserved_tck'
Slack : 29.333
TNS   : 0.000

Type  : Slow 1100mV 0C Model Setup 'clk_vga'
Slack : -11.505
TNS   : -271.902

Type  : Slow 1100mV 0C Model Setup 'speech_subsystem:speech_subsystem_inst|audio_controller:audio_control|audio_clock:u4|LRCK_1X'
Slack : -6.849
TNS   : -104.738

Type  : Slow 1100mV 0C Model Setup 'b2v_inst7|clockgen_inst|altera_pll_i|general[2].gpll~PLL_OUTPUT_COUNTER|divclk'
Slack : -5.570
TNS   : -28.679

Type  : Slow 1100mV 0C Model Setup 'clk_dram'
Slack : -5.356
TNS   : -8.659

Type  : Slow 1100mV 0C Model Setup 'b2v_inst7|clockgen_inst|altera_pll_i|general[3].gpll~PLL_OUTPUT_COUNTER|divclk'
Slack : 2.131
TNS   : 0.000

Type  : Slow 1100mV 0C Model Setup 'b2v_inst7|clockgen_inst|altera_pll_i|general[0].gpll~PLL_OUTPUT_COUNTER|divclk'
Slack : 4.362
TNS   : 0.000

Type  : Slow 1100mV 0C Model Setup 'CLOCK_50'
Slack : 11.921
TNS   : 0.000

Type  : Slow 1100mV 0C Model Setup 'speech_subsystem:speech_subsystem_inst|audio_controller:audio_control|TFF_power_of_2_division_counter_with_auto_phase_inversion:generate_aud_ctrl_clk|widereg:div_regs_gen[1].div_reg|outdata[0]'
Slack : 16.377
TNS   : 0.000

Type  : Slow 1100mV 0C Model Setup 'speech_subsystem:speech_subsystem_inst|audio_controller:audio_control|TFF_power_of_2_division_counter_with_auto_phase_inversion:generate_aud_ctrl_clk|widereg:div_reg_top|outdata[0]'
Slack : 17.154
TNS   : 0.000

Type  : Slow 1100mV 0C Model Setup 'altera_reserved_tck'
Slack : 22.552
TNS   : 0.000

Type  : Slow 1100mV 0C Model Setup 'speech_subsystem:speech_subsystem_inst|read_address_range:Control_flash_reader|state[5]'
Slack : 31.434
TNS   : 0.000

Type  : Slow 1100mV 0C Model Setup 'I2C_AV_Config:I2C_Configure_Audio_Chip|mI2C_CTRL_CLK'
Slack : 33.820
TNS   : 0.000

Type  : Slow 1100mV 0C Model Setup 'speech_subsystem:speech_subsystem_inst|audio_controller:audio_control|audio_clock:u4|oAUD_BCK'
Slack : 35.823
TNS   : 0.000

Type  : Slow 1100mV 0C Model Hold 'b2v_inst7|clockgen_inst|altera_pll_i|general[0].gpll~PLL_OUTPUT_COUNTER|divclk'
Slack : -0.750
TNS   : -0.750

Type  : Slow 1100mV 0C Model Hold 'b2v_inst7|clockgen_inst|altera_pll_i|general[2].gpll~PLL_OUTPUT_COUNTER|divclk'
Slack : -0.392
TNS   : -24.936

Type  : Slow 1100mV 0C Model Hold 'altera_reserved_tck'
Slack : -0.073
TNS   : -0.129

Type  : Slow 1100mV 0C Model Hold 'CLOCK_50'
Slack : 0.004
TNS   : 0.000

Type  : Slow 1100mV 0C Model Hold 'b2v_inst7|clockgen_inst|altera_pll_i|general[3].gpll~PLL_OUTPUT_COUNTER|divclk'
Slack : 0.301
TNS   : 0.000

Type  : Slow 1100mV 0C Model Hold 'speech_subsystem:speech_subsystem_inst|audio_controller:audio_control|TFF_power_of_2_division_counter_with_auto_phase_inversion:generate_aud_ctrl_clk|widereg:div_regs_gen[1].div_reg|outdata[0]'
Slack : 0.579
TNS   : 0.000

Type  : Slow 1100mV 0C Model Hold 'I2C_AV_Config:I2C_Configure_Audio_Chip|mI2C_CTRL_CLK'
Slack : 0.611
TNS   : 0.000

Type  : Slow 1100mV 0C Model Hold 'speech_subsystem:speech_subsystem_inst|read_address_range:Control_flash_reader|state[5]'
Slack : 0.776
TNS   : 0.000

Type  : Slow 1100mV 0C Model Hold 'speech_subsystem:speech_subsystem_inst|audio_controller:audio_control|TFF_power_of_2_division_counter_with_auto_phase_inversion:generate_aud_ctrl_clk|widereg:div_reg_top|outdata[0]'
Slack : 0.792
TNS   : 0.000

Type  : Slow 1100mV 0C Model Hold 'speech_subsystem:speech_subsystem_inst|audio_controller:audio_control|audio_clock:u4|oAUD_BCK'
Slack : 0.889
TNS   : 0.000

Type  : Slow 1100mV 0C Model Hold 'speech_subsystem:speech_subsystem_inst|audio_controller:audio_control|audio_clock:u4|LRCK_1X'
Slack : 5.052
TNS   : 0.000

Type  : Slow 1100mV 0C Model Hold 'clk_vga'
Slack : 8.047
TNS   : 0.000

Type  : Slow 1100mV 0C Model Hold 'clk_dram'
Slack : 8.960
TNS   : 0.000

Type  : Slow 1100mV 0C Model Recovery 'speech_subsystem:speech_subsystem_inst|audio_controller:audio_control|audio_clock:u4|oAUD_BCK'
Slack : -7.965
TNS   : -39.805

Type  : Slow 1100mV 0C Model Recovery 'speech_subsystem:speech_subsystem_inst|Generate_Arbitrary_Divided_Clk32:Generate_Flash_Test_Audio_Clk_inst|var_clk_div32:Div_Clk|tc_reg'
Slack : -7.257
TNS   : -13.825

Type  : Slow 1100mV 0C Model Recovery 'speech_subsystem:speech_subsystem_inst|audio_controller:audio_control|TFF_power_of_2_division_counter_with_auto_phase_inversion:generate_aud_ctrl_clk|widereg:div_regs_gen[1].div_reg|outdata[0]'
Slack : -6.868
TNS   : -102.964

Type  : Slow 1100mV 0C Model Recovery 'b2v_inst7|clockgen_inst|altera_pll_i|general[0].gpll~PLL_OUTPUT_COUNTER|divclk'
Slack : 35.741
TNS   : 0.000

Type  : Slow 1100mV 0C Model Recovery 'altera_reserved_tck'
Slack : 59.275
TNS   : 0.000

Type  : Slow 1100mV 0C Model Removal 'b2v_inst7|clockgen_inst|altera_pll_i|general[0].gpll~PLL_OUTPUT_COUNTER|divclk'
Slack : 0.601
TNS   : 0.000

Type  : Slow 1100mV 0C Model Removal 'altera_reserved_tck'
Slack : 0.819
TNS   : 0.000

Type  : Slow 1100mV 0C Model Removal 'speech_subsystem:speech_subsystem_inst|Generate_Arbitrary_Divided_Clk32:Generate_Flash_Test_Audio_Clk_inst|var_clk_div32:Div_Clk|tc_reg'
Slack : 5.408
TNS   : 0.000

Type  : Slow 1100mV 0C Model Removal 'speech_subsystem:speech_subsystem_inst|audio_controller:audio_control|TFF_power_of_2_division_counter_with_auto_phase_inversion:generate_aud_ctrl_clk|widereg:div_regs_gen[1].div_reg|outdata[0]'
Slack : 5.629
TNS   : 0.000

Type  : Slow 1100mV 0C Model Removal 'speech_subsystem:speech_subsystem_inst|audio_controller:audio_control|audio_clock:u4|oAUD_BCK'
Slack : 6.664
TNS   : 0.000

Type  : Slow 1100mV 0C Model Minimum Pulse Width 'b2v_inst7|clockgen_inst|altera_pll_i|general[0].gpll~FRACTIONAL_PLL|vcoph[0]'
Slack : 1.048
TNS   : 0.000

Type  : Slow 1100mV 0C Model Minimum Pulse Width 'b2v_inst7|clockgen_inst|altera_pll_i|general[2].gpll~PLL_OUTPUT_COUNTER|divclk'
Slack : 7.431
TNS   : 0.000

Type  : Slow 1100mV 0C Model Minimum Pulse Width 'b2v_inst7|clockgen_inst|altera_pll_i|general[3].gpll~PLL_OUTPUT_COUNTER|divclk'
Slack : 7.869
TNS   : 0.000

Type  : Slow 1100mV 0C Model Minimum Pulse Width 'CLOCK_50'
Slack : 8.346
TNS   : 0.000

Type  : Slow 1100mV 0C Model Minimum Pulse Width 'b2v_inst7|clockgen_inst|altera_pll_i|general[0].gpll~PLL_OUTPUT_COUNTER|divclk'
Slack : 17.456
TNS   : 0.000

Type  : Slow 1100mV 0C Model Minimum Pulse Width 'speech_subsystem:speech_subsystem_inst|audio_controller:audio_control|audio_clock:u4|oAUD_BCK'
Slack : 18.497
TNS   : 0.000

Type  : Slow 1100mV 0C Model Minimum Pulse Width 'speech_subsystem:speech_subsystem_inst|audio_controller:audio_control|audio_clock:u4|LRCK_1X'
Slack : 18.502
TNS   : 0.000

Type  : Slow 1100mV 0C Model Minimum Pulse Width 'speech_subsystem:speech_subsystem_inst|Generate_Arbitrary_Divided_Clk32:Generate_Flash_Test_Audio_Clk_inst|var_clk_div32:Div_Clk|tc_reg'
Slack : 18.509
TNS   : 0.000

Type  : Slow 1100mV 0C Model Minimum Pulse Width 'speech_subsystem:speech_subsystem_inst|audio_controller:audio_control|TFF_power_of_2_division_counter_with_auto_phase_inversion:generate_aud_ctrl_clk|widereg:div_reg_top|outdata[0]'
Slack : 18.510
TNS   : 0.000

Type  : Slow 1100mV 0C Model Minimum Pulse Width 'I2C_AV_Config:I2C_Configure_Audio_Chip|mI2C_CTRL_CLK'
Slack : 18.542
TNS   : 0.000

Type  : Slow 1100mV 0C Model Minimum Pulse Width 'speech_subsystem:speech_subsystem_inst|read_address_range:Control_flash_reader|state[5]'
Slack : 18.637
TNS   : 0.000

Type  : Slow 1100mV 0C Model Minimum Pulse Width 'speech_subsystem:speech_subsystem_inst|audio_controller:audio_control|TFF_power_of_2_division_counter_with_auto_phase_inversion:generate_aud_ctrl_clk|widereg:div_regs_gen[1].div_reg|outdata[0]'
Slack : 18.693
TNS   : 0.000

Type  : Slow 1100mV 0C Model Minimum Pulse Width 'altera_reserved_tck'
Slack : 29.355
TNS   : 0.000

Type  : Fast 1100mV 85C Model Setup 'clk_vga'
Slack : -7.081
TNS   : -167.347

Type  : Fast 1100mV 85C Model Setup 'b2v_inst7|clockgen_inst|altera_pll_i|general[2].gpll~PLL_OUTPUT_COUNTER|divclk'
Slack : -5.332
TNS   : -27.355

Type  : Fast 1100mV 85C Model Setup 'speech_subsystem:speech_subsystem_inst|audio_controller:audio_control|audio_clock:u4|LRCK_1X'
Slack : -3.436
TNS   : -51.880

Type  : Fast 1100mV 85C Model Setup 'clk_dram'
Slack : 0.114
TNS   : 0.000

Type  : Fast 1100mV 85C Model Setup 'b2v_inst7|clockgen_inst|altera_pll_i|general[3].gpll~PLL_OUTPUT_COUNTER|divclk'
Slack : 4.811
TNS   : 0.000

Type  : Fast 1100mV 85C Model Setup 'b2v_inst7|clockgen_inst|altera_pll_i|general[0].gpll~PLL_OUTPUT_COUNTER|divclk'
Slack : 7.204
TNS   : 0.000

Type  : Fast 1100mV 85C Model Setup 'CLOCK_50'
Slack : 14.819
TNS   : 0.000

Type  : Fast 1100mV 85C Model Setup 'speech_subsystem:speech_subsystem_inst|audio_controller:audio_control|TFF_power_of_2_division_counter_with_auto_phase_inversion:generate_aud_ctrl_clk|widereg:div_regs_gen[1].div_reg|outdata[0]'
Slack : 17.208
TNS   : 0.000

Type  : Fast 1100mV 85C Model Setup 'speech_subsystem:speech_subsystem_inst|audio_controller:audio_control|TFF_power_of_2_division_counter_with_auto_phase_inversion:generate_aud_ctrl_clk|widereg:div_reg_top|outdata[0]'
Slack : 18.057
TNS   : 0.000

Type  : Fast 1100mV 85C Model Setup 'altera_reserved_tck'
Slack : 24.519
TNS   : 0.000

Type  : Fast 1100mV 85C Model Setup 'speech_subsystem:speech_subsystem_inst|read_address_range:Control_flash_reader|state[5]'
Slack : 34.204
TNS   : 0.000

Type  : Fast 1100mV 85C Model Setup 'I2C_AV_Config:I2C_Configure_Audio_Chip|mI2C_CTRL_CLK'
Slack : 35.604
TNS   : 0.000

Type  : Fast 1100mV 85C Model Setup 'speech_subsystem:speech_subsystem_inst|audio_controller:audio_control|audio_clock:u4|oAUD_BCK'
Slack : 36.989
TNS   : 0.000

Type  : Fast 1100mV 85C Model Hold 'b2v_inst7|clockgen_inst|altera_pll_i|general[0].gpll~PLL_OUTPUT_COUNTER|divclk'
Slack : -0.381
TNS   : -0.381

Type  : Fast 1100mV 85C Model Hold 'b2v_inst7|clockgen_inst|altera_pll_i|general[2].gpll~PLL_OUTPUT_COUNTER|divclk'
Slack : -0.156
TNS   : -9.911

Type  : Fast 1100mV 85C Model Hold 'altera_reserved_tck'
Slack : -0.085
TNS   : -0.177

Type  : Fast 1100mV 85C Model Hold 'CLOCK_50'
Slack : -0.041
TNS   : -0.120

Type  : Fast 1100mV 85C Model Hold 'speech_subsystem:speech_subsystem_inst|audio_controller:audio_control|TFF_power_of_2_division_counter_with_auto_phase_inversion:generate_aud_ctrl_clk|widereg:div_regs_gen[1].div_reg|outdata[0]'
Slack : 0.157
TNS   : 0.000

Type  : Fast 1100mV 85C Model Hold 'b2v_inst7|clockgen_inst|altera_pll_i|general[3].gpll~PLL_OUTPUT_COUNTER|divclk'
Slack : 0.259
TNS   : 0.000

Type  : Fast 1100mV 85C Model Hold 'speech_subsystem:speech_subsystem_inst|audio_controller:audio_control|TFF_power_of_2_division_counter_with_auto_phase_inversion:generate_aud_ctrl_clk|widereg:div_reg_top|outdata[0]'
Slack : 0.264
TNS   : 0.000

Type  : Fast 1100mV 85C Model Hold 'I2C_AV_Config:I2C_Configure_Audio_Chip|mI2C_CTRL_CLK'
Slack : 0.265
TNS   : 0.000

Type  : Fast 1100mV 85C Model Hold 'speech_subsystem:speech_subsystem_inst|audio_controller:audio_control|audio_clock:u4|oAUD_BCK'
Slack : 0.387
TNS   : 0.000

Type  : Fast 1100mV 85C Model Hold 'speech_subsystem:speech_subsystem_inst|read_address_range:Control_flash_reader|state[5]'
Slack : 0.388
TNS   : 0.000

Type  : Fast 1100mV 85C Model Hold 'speech_subsystem:speech_subsystem_inst|audio_controller:audio_control|audio_clock:u4|LRCK_1X'
Slack : 2.607
TNS   : 0.000

Type  : Fast 1100mV 85C Model Hold 'clk_vga'
Slack : 4.276
TNS   : 0.000

Type  : Fast 1100mV 85C Model Hold 'clk_dram'
Slack : 5.175
TNS   : 0.000

Type  : Fast 1100mV 85C Model Recovery 'speech_subsystem:speech_subsystem_inst|audio_controller:audio_control|audio_clock:u4|oAUD_BCK'
Slack : -4.253
TNS   : -21.257

Type  : Fast 1100mV 85C Model Recovery 'speech_subsystem:speech_subsystem_inst|Generate_Arbitrary_Divided_Clk32:Generate_Flash_Test_Audio_Clk_inst|var_clk_div32:Div_Clk|tc_reg'
Slack : -3.806
TNS   : -7.014

Type  : Fast 1100mV 85C Model Recovery 'speech_subsystem:speech_subsystem_inst|audio_controller:audio_control|TFF_power_of_2_division_counter_with_auto_phase_inversion:generate_aud_ctrl_clk|widereg:div_regs_gen[1].div_reg|outdata[0]'
Slack : -3.392
TNS   : -50.865

Type  : Fast 1100mV 85C Model Recovery 'b2v_inst7|clockgen_inst|altera_pll_i|general[0].gpll~PLL_OUTPUT_COUNTER|divclk'
Slack : 37.092
TNS   : 0.000

Type  : Fast 1100mV 85C Model Recovery 'altera_reserved_tck'
Slack : 60.192
TNS   : 0.000

Type  : Fast 1100mV 85C Model Removal 'altera_reserved_tck'
Slack : 0.440
TNS   : 0.000

Type  : Fast 1100mV 85C Model Removal 'b2v_inst7|clockgen_inst|altera_pll_i|general[0].gpll~PLL_OUTPUT_COUNTER|divclk'
Slack : 0.541
TNS   : 0.000

Type  : Fast 1100mV 85C Model Removal 'speech_subsystem:speech_subsystem_inst|Generate_Arbitrary_Divided_Clk32:Generate_Flash_Test_Audio_Clk_inst|var_clk_div32:Div_Clk|tc_reg'
Slack : 2.840
TNS   : 0.000

Type  : Fast 1100mV 85C Model Removal 'speech_subsystem:speech_subsystem_inst|audio_controller:audio_control|TFF_power_of_2_division_counter_with_auto_phase_inversion:generate_aud_ctrl_clk|widereg:div_regs_gen[1].div_reg|outdata[0]'
Slack : 2.910
TNS   : 0.000

Type  : Fast 1100mV 85C Model Removal 'speech_subsystem:speech_subsystem_inst|audio_controller:audio_control|audio_clock:u4|oAUD_BCK'
Slack : 3.773
TNS   : 0.000

Type  : Fast 1100mV 85C Model Minimum Pulse Width 'b2v_inst7|clockgen_inst|altera_pll_i|general[0].gpll~FRACTIONAL_PLL|vcoph[0]'
Slack : 1.314
TNS   : 0.000

Type  : Fast 1100mV 85C Model Minimum Pulse Width 'CLOCK_50'
Slack : 8.178
TNS   : 0.000

Type  : Fast 1100mV 85C Model Minimum Pulse Width 'b2v_inst7|clockgen_inst|altera_pll_i|general[2].gpll~PLL_OUTPUT_COUNTER|divclk'
Slack : 8.200
TNS   : 0.000

Type  : Fast 1100mV 85C Model Minimum Pulse Width 'b2v_inst7|clockgen_inst|altera_pll_i|general[3].gpll~PLL_OUTPUT_COUNTER|divclk'
Slack : 8.870
TNS   : 0.000

Type  : Fast 1100mV 85C Model Minimum Pulse Width 'b2v_inst7|clockgen_inst|altera_pll_i|general[0].gpll~PLL_OUTPUT_COUNTER|divclk'
Slack : 18.171
TNS   : 0.000

Type  : Fast 1100mV 85C Model Minimum Pulse Width 'speech_subsystem:speech_subsystem_inst|audio_controller:audio_control|audio_clock:u4|LRCK_1X'
Slack : 18.815
TNS   : 0.000

Type  : Fast 1100mV 85C Model Minimum Pulse Width 'I2C_AV_Config:I2C_Configure_Audio_Chip|mI2C_CTRL_CLK'
Slack : 18.829
TNS   : 0.000

Type  : Fast 1100mV 85C Model Minimum Pulse Width 'speech_subsystem:speech_subsystem_inst|read_address_range:Control_flash_reader|state[5]'
Slack : 18.905
TNS   : 0.000

Type  : Fast 1100mV 85C Model Minimum Pulse Width 'speech_subsystem:speech_subsystem_inst|audio_controller:audio_control|audio_clock:u4|oAUD_BCK'
Slack : 18.907
TNS   : 0.000

Type  : Fast 1100mV 85C Model Minimum Pulse Width 'speech_subsystem:speech_subsystem_inst|Generate_Arbitrary_Divided_Clk32:Generate_Flash_Test_Audio_Clk_inst|var_clk_div32:Div_Clk|tc_reg'
Slack : 18.911
TNS   : 0.000

Type  : Fast 1100mV 85C Model Minimum Pulse Width 'speech_subsystem:speech_subsystem_inst|audio_controller:audio_control|TFF_power_of_2_division_counter_with_auto_phase_inversion:generate_aud_ctrl_clk|widereg:div_reg_top|outdata[0]'
Slack : 18.920
TNS   : 0.000

Type  : Fast 1100mV 85C Model Minimum Pulse Width 'speech_subsystem:speech_subsystem_inst|audio_controller:audio_control|TFF_power_of_2_division_counter_with_auto_phase_inversion:generate_aud_ctrl_clk|widereg:div_regs_gen[1].div_reg|outdata[0]'
Slack : 18.949
TNS   : 0.000

Type  : Fast 1100mV 85C Model Minimum Pulse Width 'altera_reserved_tck'
Slack : 29.156
TNS   : 0.000

Type  : Fast 1100mV 0C Model Setup 'clk_vga'
Slack : -6.755
TNS   : -159.123

Type  : Fast 1100mV 0C Model Setup 'b2v_inst7|clockgen_inst|altera_pll_i|general[2].gpll~PLL_OUTPUT_COUNTER|divclk'
Slack : -4.218
TNS   : -21.228

Type  : Fast 1100mV 0C Model Setup 'speech_subsystem:speech_subsystem_inst|audio_controller:audio_control|audio_clock:u4|LRCK_1X'
Slack : -3.345
TNS   : -50.725

Type  : Fast 1100mV 0C Model Setup 'clk_dram'
Slack : 0.580
TNS   : 0.000

Type  : Fast 1100mV 0C Model Setup 'b2v_inst7|clockgen_inst|altera_pll_i|general[3].gpll~PLL_OUTPUT_COUNTER|divclk'
Slack : 5.500
TNS   : 0.000

Type  : Fast 1100mV 0C Model Setup 'b2v_inst7|clockgen_inst|altera_pll_i|general[0].gpll~PLL_OUTPUT_COUNTER|divclk'
Slack : 7.440
TNS   : 0.000

Type  : Fast 1100mV 0C Model Setup 'CLOCK_50'
Slack : 15.192
TNS   : 0.000

Type  : Fast 1100mV 0C Model Setup 'speech_subsystem:speech_subsystem_inst|audio_controller:audio_control|TFF_power_of_2_division_counter_with_auto_phase_inversion:generate_aud_ctrl_clk|widereg:div_regs_gen[1].div_reg|outdata[0]'
Slack : 17.407
TNS   : 0.000

Type  : Fast 1100mV 0C Model Setup 'speech_subsystem:speech_subsystem_inst|audio_controller:audio_control|TFF_power_of_2_division_counter_with_auto_phase_inversion:generate_aud_ctrl_clk|widereg:div_reg_top|outdata[0]'
Slack : 18.138
TNS   : 0.000

Type  : Fast 1100mV 0C Model Setup 'altera_reserved_tck'
Slack : 24.766
TNS   : 0.000

Type  : Fast 1100mV 0C Model Setup 'speech_subsystem:speech_subsystem_inst|read_address_range:Control_flash_reader|state[5]'
Slack : 34.670
TNS   : 0.000

Type  : Fast 1100mV 0C Model Setup 'I2C_AV_Config:I2C_Configure_Audio_Chip|mI2C_CTRL_CLK'
Slack : 35.930
TNS   : 0.000

Type  : Fast 1100mV 0C Model Setup 'speech_subsystem:speech_subsystem_inst|audio_controller:audio_control|audio_clock:u4|oAUD_BCK'
Slack : 37.124
TNS   : 0.000

Type  : Fast 1100mV 0C Model Hold 'b2v_inst7|clockgen_inst|altera_pll_i|general[0].gpll~PLL_OUTPUT_COUNTER|divclk'
Slack : -0.353
TNS   : -0.353

Type  : Fast 1100mV 0C Model Hold 'b2v_inst7|clockgen_inst|altera_pll_i|general[2].gpll~PLL_OUTPUT_COUNTER|divclk'
Slack : -0.134
TNS   : -8.511

Type  : Fast 1100mV 0C Model Hold 'altera_reserved_tck'
Slack : -0.086
TNS   : -0.188

Type  : Fast 1100mV 0C Model Hold 'CLOCK_50'
Slack : -0.051
TNS   : -0.175

Type  : Fast 1100mV 0C Model Hold 'speech_subsystem:speech_subsystem_inst|audio_controller:audio_control|TFF_power_of_2_division_counter_with_auto_phase_inversion:generate_aud_ctrl_clk|widereg:div_regs_gen[1].div_reg|outdata[0]'
Slack : 0.129
TNS   : 0.000

Type  : Fast 1100mV 0C Model Hold 'speech_subsystem:speech_subsystem_inst|audio_controller:audio_control|TFF_power_of_2_division_counter_with_auto_phase_inversion:generate_aud_ctrl_clk|widereg:div_reg_top|outdata[0]'
Slack : 0.227
TNS   : 0.000

Type  : Fast 1100mV 0C Model Hold 'b2v_inst7|clockgen_inst|altera_pll_i|general[3].gpll~PLL_OUTPUT_COUNTER|divclk'
Slack : 0.229
TNS   : 0.000

Type  : Fast 1100mV 0C Model Hold 'I2C_AV_Config:I2C_Configure_Audio_Chip|mI2C_CTRL_CLK'
Slack : 0.241
TNS   : 0.000

Type  : Fast 1100mV 0C Model Hold 'speech_subsystem:speech_subsystem_inst|read_address_range:Control_flash_reader|state[5]'
Slack : 0.343
TNS   : 0.000

Type  : Fast 1100mV 0C Model Hold 'speech_subsystem:speech_subsystem_inst|audio_controller:audio_control|audio_clock:u4|oAUD_BCK'
Slack : 0.378
TNS   : 0.000

Type  : Fast 1100mV 0C Model Hold 'speech_subsystem:speech_subsystem_inst|audio_controller:audio_control|audio_clock:u4|LRCK_1X'
Slack : 2.586
TNS   : 0.000

Type  : Fast 1100mV 0C Model Hold 'clk_vga'
Slack : 3.965
TNS   : 0.000

Type  : Fast 1100mV 0C Model Hold 'clk_dram'
Slack : 4.823
TNS   : 0.000

Type  : Fast 1100mV 0C Model Recovery 'speech_subsystem:speech_subsystem_inst|audio_controller:audio_control|audio_clock:u4|oAUD_BCK'
Slack : -4.107
TNS   : -20.530

Type  : Fast 1100mV 0C Model Recovery 'speech_subsystem:speech_subsystem_inst|Generate_Arbitrary_Divided_Clk32:Generate_Flash_Test_Audio_Clk_inst|var_clk_div32:Div_Clk|tc_reg'
Slack : -3.672
TNS   : -6.785

Type  : Fast 1100mV 0C Model Recovery 'speech_subsystem:speech_subsystem_inst|audio_controller:audio_control|TFF_power_of_2_division_counter_with_auto_phase_inversion:generate_aud_ctrl_clk|widereg:div_regs_gen[1].div_reg|outdata[0]'
Slack : -3.303
TNS   : -49.525

Type  : Fast 1100mV 0C Model Recovery 'b2v_inst7|clockgen_inst|altera_pll_i|general[0].gpll~PLL_OUTPUT_COUNTER|divclk'
Slack : 37.430
TNS   : 0.000

Type  : Fast 1100mV 0C Model Recovery 'altera_reserved_tck'
Slack : 60.431
TNS   : 0.000

Type  : Fast 1100mV 0C Model Removal 'altera_reserved_tck'
Slack : 0.375
TNS   : 0.000

Type  : Fast 1100mV 0C Model Removal 'b2v_inst7|clockgen_inst|altera_pll_i|general[0].gpll~PLL_OUTPUT_COUNTER|divclk'
Slack : 0.467
TNS   : 0.000

Type  : Fast 1100mV 0C Model Removal 'speech_subsystem:speech_subsystem_inst|Generate_Arbitrary_Divided_Clk32:Generate_Flash_Test_Audio_Clk_inst|var_clk_div32:Div_Clk|tc_reg'
Slack : 2.802
TNS   : 0.000

Type  : Fast 1100mV 0C Model Removal 'speech_subsystem:speech_subsystem_inst|audio_controller:audio_control|TFF_power_of_2_division_counter_with_auto_phase_inversion:generate_aud_ctrl_clk|widereg:div_regs_gen[1].div_reg|outdata[0]'
Slack : 2.861
TNS   : 0.000

Type  : Fast 1100mV 0C Model Removal 'speech_subsystem:speech_subsystem_inst|audio_controller:audio_control|audio_clock:u4|oAUD_BCK'
Slack : 3.680
TNS   : 0.000

Type  : Fast 1100mV 0C Model Minimum Pulse Width 'b2v_inst7|clockgen_inst|altera_pll_i|general[0].gpll~FRACTIONAL_PLL|vcoph[0]'
Slack : 1.341
TNS   : 0.000

Type  : Fast 1100mV 0C Model Minimum Pulse Width 'CLOCK_50'
Slack : 8.135
TNS   : 0.000

Type  : Fast 1100mV 0C Model Minimum Pulse Width 'b2v_inst7|clockgen_inst|altera_pll_i|general[2].gpll~PLL_OUTPUT_COUNTER|divclk'
Slack : 8.233
TNS   : 0.000

Type  : Fast 1100mV 0C Model Minimum Pulse Width 'b2v_inst7|clockgen_inst|altera_pll_i|general[3].gpll~PLL_OUTPUT_COUNTER|divclk'
Slack : 8.926
TNS   : 0.000

Type  : Fast 1100mV 0C Model Minimum Pulse Width 'b2v_inst7|clockgen_inst|altera_pll_i|general[0].gpll~PLL_OUTPUT_COUNTER|divclk'
Slack : 18.200
TNS   : 0.000

Type  : Fast 1100mV 0C Model Minimum Pulse Width 'speech_subsystem:speech_subsystem_inst|audio_controller:audio_control|audio_clock:u4|LRCK_1X'
Slack : 18.853
TNS   : 0.000

Type  : Fast 1100mV 0C Model Minimum Pulse Width 'I2C_AV_Config:I2C_Configure_Audio_Chip|mI2C_CTRL_CLK'
Slack : 18.871
TNS   : 0.000

Type  : Fast 1100mV 0C Model Minimum Pulse Width 'speech_subsystem:speech_subsystem_inst|read_address_range:Control_flash_reader|state[5]'
Slack : 18.930
TNS   : 0.000

Type  : Fast 1100mV 0C Model Minimum Pulse Width 'speech_subsystem:speech_subsystem_inst|audio_controller:audio_control|audio_clock:u4|oAUD_BCK'
Slack : 18.945
TNS   : 0.000

Type  : Fast 1100mV 0C Model Minimum Pulse Width 'speech_subsystem:speech_subsystem_inst|Generate_Arbitrary_Divided_Clk32:Generate_Flash_Test_Audio_Clk_inst|var_clk_div32:Div_Clk|tc_reg'
Slack : 18.962
TNS   : 0.000

Type  : Fast 1100mV 0C Model Minimum Pulse Width 'speech_subsystem:speech_subsystem_inst|audio_controller:audio_control|TFF_power_of_2_division_counter_with_auto_phase_inversion:generate_aud_ctrl_clk|widereg:div_reg_top|outdata[0]'
Slack : 18.964
TNS   : 0.000

Type  : Fast 1100mV 0C Model Minimum Pulse Width 'speech_subsystem:speech_subsystem_inst|audio_controller:audio_control|TFF_power_of_2_division_counter_with_auto_phase_inversion:generate_aud_ctrl_clk|widereg:div_regs_gen[1].div_reg|outdata[0]'
Slack : 18.970
TNS   : 0.000

Type  : Fast 1100mV 0C Model Minimum Pulse Width 'altera_reserved_tck'
Slack : 29.180
TNS   : 0.000

------------------------------------------------------------
